// Jest Snapshot v1, https://goo.gl/fbAQLP

exports[`Result renders correctly 1`] = `
<body>
  <div>
    <div
      data-cy="result"
    >
      <div>
        <span>
          0.00
        </span>
          USD
      </div>
      <div />
    </div>
  </div>
</body>
`;
